Component: ARM Compiler 5.05 update 1 (build 106) Tool: armlink [4d0efa]

==============================================================================

Section Cross References

    main.o(.text) refers to _printf_percent.o(.ARM.Collect$$_printf_percent$$00000000) for _printf_percent
    main.o(.text) refers to _printf_s.o(.ARM.Collect$$_printf_percent$$00000014) for _printf_s
    main.o(.text) refers to _printf_str.o(.text) for _printf_str
    main.o(.text) refers to os_task.o(.text) for OSTaskSuspend
    main.o(.text) refers to os_time.o(.text) for OSTimeDlyHMSM
    main.o(.text) refers to key.o(.text) for KEY_Scan
    main.o(.text) refers to can.o(.text) for CAN1_Receive_Msg
    main.o(.text) refers to __2printf.o(.text) for __2printf
    main.o(.text) refers to os_core.o(.text) for OSStatInit
    main.o(.text) refers to os_cpu_a.o(.text) for OS_CPU_SR_Save
    main.o(.text) refers to delay.o(.text) for delay_init
    main.o(.text) refers to misc.o(.text) for NVIC_PriorityGroupConfig
    main.o(.text) refers to usart.o(.text) for uart_init
    main.o(.text) refers to usart6.o(.text) for usart6_init
    main.o(.text) refers to usart3.o(.text) for usart3_init
    main.o(.text) refers to usart2.o(.text) for usart2_init
    main.o(.text) refers to led.o(.text) for LED_Init
    main.o(.text) refers to message.o(.text) for InitDriverCmdQueue
    main.o(.text) refers to sram.o(.text) for FSMC_SRAM_Init
    main.o(.text) refers to malloc.o(.text) for mymem_init
    main.o(.text) refers to mpu6050.o(.text) for MPU6050_task_init
    main.o(.text) refers to common.o(.text) for wifi_task_init
    main.o(.text) refers to lwip_comm.o(.text) for lwip_comm_init
    main.o(.text) refers to tcp_client_demo.o(.text) for tcp_client_init
    main.o(.text) refers to tcp_server_demo.o(.text) for tcp_server_init
    main.o(.text) refers to tcp_server_demo.o(.data) for tcp_server_flag
    main.o(.text) refers to tcp_client_demo.o(.data) for tcp_client_flag
    main.o(.text) refers to main.o(.bss) for LED_TASK_STK
    main.o(.text) refers to usmart_config.o(.data) for usmart_dev
    system_stm32f4xx.o(.text) refers to system_stm32f4xx.o(.data) for SystemCoreClock
    key.o(.text) refers to stm32f4xx_rcc.o(.text) for RCC_AHB1PeriphClockCmd
    key.o(.text) refers to stm32f4xx_gpio.o(.text) for GPIO_Init
    key.o(.text) refers to delay.o(.text) for delay_ms
    key.o(.text) refers to key.o(.data) for key_up
    led.o(.text) refers to stm32f4xx_rcc.o(.text) for RCC_AHB1PeriphClockCmd
    led.o(.text) refers to stm32f4xx_gpio.o(.text) for GPIO_Init
    timer.o(.text) refers to stm32f4xx_tim.o(.text) for TIM_GetITStatus
    timer.o(.text) refers to stm32f4xx_rcc.o(.text) for RCC_APB1PeriphClockCmd
    timer.o(.text) refers to misc.o(.text) for NVIC_Init
    timer.o(.text) refers to usart6.o(.data) for USART6_RX_STA
    timer.o(.text) refers to usart3.o(.data) for USART3_RX_STA
    lan8720.o(.text) refers to stm32f4xx_rcc.o(.text) for RCC_AHB1PeriphClockCmd
    lan8720.o(.text) refers to stm32f4x7_eth.o(.text) for ETH_DeInit
    lan8720.o(.text) refers to misc.o(.text) for NVIC_Init
    lan8720.o(.text) refers to stm32f4xx_syscfg.o(.text) for SYSCFG_ETH_MediaInterfaceConfig
    lan8720.o(.text) refers to stm32f4xx_gpio.o(.text) for GPIO_Init
    lan8720.o(.text) refers to delay.o(.text) for delay_ms
    lan8720.o(.text) refers to lwip_comm.o(.text) for lwip_pkt_handle
    lan8720.o(.text) refers to malloc.o(.text) for myfree
    lan8720.o(.text) refers to stm32f4x7_eth.o(.data) for DMARxDescToGet
    lan8720.o(.text) refers to lan8720.o(.data) for DMARxDscrTab
    sram.o(.text) refers to stm32f4xx_rcc.o(.text) for RCC_AHB1PeriphClockCmd
    sram.o(.text) refers to stm32f4xx_gpio.o(.text) for GPIO_Init
    sram.o(.text) refers to stm32f4xx_fsmc.o(.text) for FSMC_NORSRAMInit
    can.o(.text) refers to stm32f4xx_can.o(.text) for CAN_MessagePending
    can.o(.text) refers to queue.o(.text) for GetAndDelQueueinter
    can.o(.text) refers to delay.o(.text) for delay_ms
    can.o(.text) refers to driver.o(.text) for FeedbackMessge
    can.o(.text) refers to os_cpu_a.o(.text) for OS_CPU_SR_Save
    can.o(.text) refers to os_task.o(.text) for OSTaskCreate
    can.o(.text) refers to stm32f4xx_rcc.o(.text) for RCC_AHB1PeriphClockCmd
    can.o(.text) refers to stm32f4xx_gpio.o(.text) for GPIO_Init
    can.o(.text) refers to message.o(.data) for DCQ
    can.o(.text) refers to can.o(.bss) for CAN_TASK_STK
    ctiic.o(.text) refers to delay.o(.text) for delay_us
    ctiic.o(.text) refers to stm32f4xx_rcc.o(.text) for RCC_AHB1PeriphClockCmd
    ctiic.o(.text) refers to stm32f4xx_gpio.o(.text) for GPIO_Init
    w25qxx.o(.text) refers to _printf_percent.o(.ARM.Collect$$_printf_percent$$00000000) for _printf_percent
    w25qxx.o(.text) refers to _printf_x.o(.ARM.Collect$$_printf_percent$$0000000C) for _printf_x
    w25qxx.o(.text) refers to _printf_hex_int_ll_ptr.o(.text) for _printf_longlong_hex
[...]
    OSQPost                                  0x080161f1   Thumb Code   114  os_q.o(.text)
    OSQPostFront                             0x08016263   Thumb Code   140  os_q.o(.text)
    OSQPostOpt                               0x080162ef   Thumb Code   182  os_q.o(.text)
    OSQQuery                                 0x080163a5   Thumb Code    98  os_q.o(.text)
    OS_QInit                                 0x08016407   Thumb Code    72  os_q.o(.text)
    OSSemAccept                              0x08016459   Thumb Code    42  os_sem.o(.text)
    OSSemCreate                              0x08016483   Thumb Code    72  os_sem.o(.text)
    OSSemDel                                 0x080164cb   Thumb Code   230  os_sem.o(.text)
    OSSemPend                                0x080165b1   Thumb Code   222  os_sem.o(.text)
    OSSemPendAbort                           0x0801668f   Thumb Code   128  os_sem.o(.text)
    OSSemPost                                0x0801670f   Thumb Code    88  os_sem.o(.text)
    OSSemQuery                               0x08016767   Thumb Code    76  os_sem.o(.text)
    OSSemSet                                 0x080167b3   Thumb Code    66  os_sem.o(.text)
    OSTaskChangePrio                         0x08016835   Thumb Code   308  os_task.o(.text)
    OSTaskCreate                             0x08016969   Thumb Code   148  os_task.o(.text)
    OS_TaskStkClr                            0x080169fd   Thumb Code    26  os_task.o(.text)
    OSTaskCreateExt                          0x08016a17   Thumb Code   170  os_task.o(.text)
    OSTaskDel                                0x08016ac1   Thumb Code   294  os_task.o(.text)
    OSTaskDelReq                             0x08016be7   Thumb Code   144  os_task.o(.text)
    OSTaskNameGet                            0x08016c77   Thumb Code   114  os_task.o(.text)
    OSTaskNameSet                            0x08016ce9   Thumb Code    98  os_task.o(.text)
    OSTaskResume                             0x08016d4b   Thumb Code   154  os_task.o(.text)
    OSTaskStkChk                             0x08016de5   Thumb Code   132  os_task.o(.text)
    OSTaskSuspend                            0x08016e69   Thumb Code   152  os_task.o(.text)
    OSTaskQuery                              0x08016f01   Thumb Code    82  os_task.o(.text)
    OSTaskRegGet                             0x08016f53   Thumb Code    60  os_task.o(.text)
    OSTaskRegSet                             0x08016f8f   Thumb Code    62  os_task.o(.text)
    OS_TaskReturn                            0x08016fcd   Thumb Code    18  os_task.o(.text)
    OSTimeDly                                0x08016ff9   Thumb Code   100  os_time.o(.text)
    OSTimeDlyHMSM                            0x0801705d   Thumb Code    86  os_time.o(.text)
    OSTimeDlyResume                          0x080170b3   Thumb Code   168  os_time.o(.text)
    OSTimeGet                                0x0801715b   Thumb Code    24  os_time.o(.text)
    OSTimeSet                                0x08017173   Thumb Code    24  os_time.o(.text)
    OSTmrCreate                              0x080171db   Thumb Code    96  os_tmr.o(.text)
    OSTmrDel                                 0x080172b3   Thumb Code   124  os_tmr.o(.text)
    OSTmrNameGet                             0x0801732f   Thumb Code   114  os_tmr.o(.text)
    OSTmrRemainGet                           0x080173a1   Thumb Code   164  os_tmr.o(.text)
    OSTmrStateGet                            0x08017445   Thumb Code    86  os_tmr.o(.text)
    OSTmrStart                               0x080174ff   Thumb Code   128  os_tmr.o(.text)
    OSTmrStop                                0x0801757f   Thumb Code   210  os_tmr.o(.text)
    OSTmrSignal                              0x08017651   Thumb Code    16  os_tmr.o(.text)
    OSTmr_Init                               0x08017705   Thumb Code   172  os_tmr.o(.text)
    OSInitHookBegin                          0x08017819   Thumb Code     8  os_cpu_c.o(.text)
    OSInitHookEnd                            0x08017821   Thumb Code     2  os_cpu_c.o(.text)
    OSTaskCreateHook                         0x08017823   Thumb Code     2  os_cpu_c.o(.text)
    OSTaskDelHook                            0x08017825   Thumb Code     2  os_cpu_c.o(.text)
    OSTaskIdleHook                           0x08017827   Thumb Code     2  os_cpu_c.o(.text)
    OSTaskStatHook                           0x08017829   Thumb Code     2  os_cpu_c.o(.text)
    OSTaskStkInit                            0x0801782b   Thumb Code   426  os_cpu_c.o(.text)
    OSTaskSwHook                             0x080179d5   Thumb Code     2  os_cpu_c.o(.text)
    OSTCBInitHook                            0x080179d7   Thumb Code     2  os_cpu_c.o(.text)
    OSTimeTickHook                           0x080179d9   Thumb Code    30  os_cpu_c.o(.text)
    OSTaskReturnHook                         0x080179f7   Thumb Code     2  os_cpu_c.o(.text)
    OS_CPU_SR_Save                           0x08017a01   Thumb Code     0  os_cpu_a.o(.text)
    OS_CPU_SR_Restore                        0x08017a09   Thumb Code     0  os_cpu_a.o(.text)
    OSStartHighRdy                           0x08017a0f   Thumb Code     0  os_cpu_a.o(.text)
    OSCtxSw                                  0x08017a33   Thumb Code     0  os_cpu_a.o(.text)
    OSIntCtxSw                               0x08017a41   Thumb Code     0  os_cpu_a.o(.text)
    PendSV_Handler                           0x08017a51   Thumb Code     0  os_cpu_a.o(.text)
    mymemcpy                                 0x08017ac9   Thumb Code    26  malloc.o(.text)
    mymemset                                 0x08017ae3   Thumb Code    20  malloc.o(.text)
    mymem_init                               0x08017af7   Thumb Code    54  malloc.o(.text)
    mem_perused                              0x08017b2d   Thumb Code    54  malloc.o(.text)
    mymem_malloc                             0x08017b63   Thumb Code   162  malloc.o(.text)
    mymem_free                               0x08017c05   Thumb Code    94  malloc.o(.text)
    myfree                                   0x08017c63   Thumb Code    32  malloc.o(.text)
    mymalloc                                 0x08017c83   Thumb Code    36  malloc.o(.text)
    myrealloc                                0x08017ca7   Thumb Code    68  malloc.o(.text)
    getXorCheck                              0x08017cfd   Thumb Code    26  convertdata.o(.text)
    GetMedianNum                             0x08017d17   Thumb Code   140  convertdata.o(.text)
    hexbyte2int                              0x08017da3   Thumb Code    26  convertdata.o(.text)
    hexbyte2short                            0x08017dbd   Thumb Code    18  convertdata.o(.text)
    short2hexbyte                            0x08017dcf   Thumb Code    14  convertdata.o(.text)
    int2hexbyte                              0x08017ddd   Thumb Code    22  convertdata.o(.text)
    setCruPosition                           0x08017df5   Thumb Code     6  driver.o(.text)
    getPosition                              0x08017dfb   Thumb Code     6  driver.o(.text)
    setCruVelocity                           0x08017e01   Thumb Code    28  driver.o(.text)
    getLeftVelocity                          0x08017e1d   Thumb Code     6  driver.o(.text)
    getRightVelocity                         0x08017e23   Thumb Code     6  driver.o(.text)
    getVelocity                              0x08017e29   Thumb Code    26  driver.o(.text)
    FeedbackMessge                           0x08017e43   Thumb Code   424  driver.o(.text)
    setSendFramData                          0x08017feb   Thumb Code    40  driver.o(.text)
    MotorPowerOnFram                         0x08018013   Thumb Code    20  driver.o(.text)
    DisEnableFram                            0x08018027   Thumb Code    20  driver.o(.text)
    EnableFram                               0x0801803b   Thumb Code    22  driver.o(.text)
    getVoltageFram                           0x08018051   Thumb Code    20  driver.o(.text)
    getCurrentFram                           0x08018065   Thumb Code    20  driver.o(.text)
    getErrorFram                             0x08018079   Thumb Code    20  driver.o(.text)
    getModeFram                              0x0801808d   Thumb Code    20  driver.o(.text)
    getStautsFram                            0x080180a1   Thumb Code    20  driver.o(.text)
    getVelocityFram                          0x080180b5   Thumb Code    20  driver.o(.text)
    getPositionFram                          0x080180c9   Thumb Code    20  driver.o(.text)
    getTemperatureFram                       0x080180dd   Thumb Code    22  driver.o(.text)
    getDevNameFram                           0x080180f3   Thumb Code    22  driver.o(.text)
    getDevNumFram                            0x08018109   Thumb Code    20  driver.o(.text)
    getDinStatuesFram                        0x0801811d   Thumb Code    20  driver.o(.text)
    StopFram                                 0x08018131   Thumb Code    20  driver.o(.text)
    EmergencyStopFram                        0x08018145   Thumb Code    20  driver.o(.text)
    ClearErrorFram                           0x08018159   Thumb Code    20  driver.o(.text)
    setModeFram                              0x0801816d   Thumb Code    22  driver.o(.text)
    setVelocityFram                          0x08018183   Thumb Code   646  driver.o(.text)
    setPositionFram                          0x08018409   Thumb Code    22  driver.o(.text)
    setTVelocityFram                         0x0801841f   Thumb Code    28  driver.o(.text)
    setAbsolutePositionMode1                 0x0801843b   Thumb Code    20  driver.o(.text)
    setAbsolutePositionMode2                 0x0801844f   Thumb Code    20  driver.o(.text)
    setRelativePositionMode1                 0x08018463   Thumb Code    20  driver.o(.text)
    setRelativePositionMode2                 0x08018477   Thumb Code    20  driver.o(.text)
    getCurAngle                              0x08018499   Thumb Code   260  kinematics.o(.text)
    getCurVelocity                           0x0801859d   Thumb Code    24  kinematics.o(.text)
    Angle2Position                           0x080185b5   Thumb Code   328  kinematics.o(.text)
    getExpPosition                           0x080186fd   Thumb Code   144  kinematics.o(.text)
    getExpLeftVelocity                       0x0801878d   Thumb Code   186  kinematics.o(.text)
    getExpRightVelocity                      0x08018847   Thumb Code   300  kinematics.o(.text)
    getCurAngleVel                           0x08018973   Thumb Code   108  kinematics.o(.text)
    EnDriverCmdQueue                         0x080189e1   Thumb Code    54  message.o(.text)
    InitDriverCmdQueue                       0x08018a17   Thumb Code   144  message.o(.text)
    EnFeedBackMsgQueue                       0x08018aa7   Thumb Code    92  message.o(.text)
    MotionFeedbackHandle                     0x08018b03   Thumb Code   148  message.o(.text)
    MotionCmdHandle                          0x08018b97   Thumb Code   326  message.o(.text)
    AngleMotionCmdHandle                     0x08018cdd   Thumb Code   220  message.o(.text)
    MessageHandle                            0x08018db9   Thumb Code   412  message.o(.text)
    InitDriver                               0x08018f55   Thumb Code   102  message.o(.text)
    InitQueueinter                           0x08019029   Thumb Code    12  queue.o(.text)
    EnQueueinter                             0x08019035   Thumb Code    66  queue.o(.text)
    GetAndDelQueueinter                      0x08019077   Thumb Code    66  queue.o(.text)
    GetQueueinter                            0x080190b9   Thumb Code    42  queue.o(.text)
    DelQueueinter                            0x080190e3   Thumb Code    44  queue.o(.text)
    Check_interqueue                         0x0801910f   Thumb Code    16  queue.o(.text)
    atk_8266_at_response                     0x08019121   Thumb Code    46  common.o(.text)
    atk_8266_check_cmd                       0x0801914f   Thumb Code    44  common.o(.text)
    atk_8266_send_cmd                        0x0801917b   Thumb Code    92  common.o(.text)
    atk_8266_send_data                       0x080191d7   Thumb Code    84  common.o(.text)
    atk_8266_quit_trans                      0x0801922b   Thumb Code   100  common.o(.text)
    atk_8266_apsta_check                     0x0801928f   Thumb Code    62  common.o(.text)
    atk_8266_consta_check                    0x080192cd   Thumb Code    36  common.o(.text)
    atk_8266_get_wanip                       0x080192f1   Thumb Code    58  common.o(.text)
    atk_8266_get_ip                          0x0801932b   Thumb Code   200  common.o(.text)
    atk_8266_netpro_sel                      0x080193f3   Thumb Code   146  common.o(.text)
    atk_8266_mode_cofig                      0x08019485   Thumb Code   512  common.o(.text)
    wifi_task_init                           0x080196cd   Thumb Code    32  common.o(.text)
    atk_8266_wifiap_test                     0x0801972d   Thumb Code   288  wifiap.o(.text)
    MPU6050_task_init                        0x08019b45   Thumb Code    32  mpu6050.o(.text)
    __use_no_semihosting                     0x08019ba5   Thumb Code     2  use_no_semi_2.o(.text)
    __rt_ctype_table                         0x08019ba9   Thumb Code    16  rt_ctype_table.o(.text)
    vsprintf                                 0x08019bb9   Thumb Code    32  vsprintf.o(.text)
    __2printf                                0x08019bdd   Thumb Code    20  __2printf.o(.text)
    __2sprintf                               0x08019bf5   Thumb Code    38  __2sprintf.o(.text)
    _printf_pre_padding                      0x08019c21   Thumb Code    44  _printf_pad.o(.text)
    _printf_post_padding                     0x08019c4d   Thumb Code    34  _printf_pad.o(.text)
    _printf_str                              0x08019c6f   Thumb Code    82  _printf_str.o(.text)
    _printf_int_dec                          0x08019cc1   Thumb Code   104  _printf_dec.o(.text)
    _printf_longlong_hex                     0x08019d39   Thumb Code    86  _printf_hex_int_ll_ptr.o(.text)
    _printf_int_hex                          0x08019d8f   Thumb Code    28  _printf_hex_int_ll_ptr.o(.text)
    _printf_ll_hex                           0x08019dab   Thumb Code    12  _printf_hex_int_ll_ptr.o(.text)
    _printf_hex_ptr                          0x08019db7   Thumb Code    18  _printf_hex_int_ll_ptr.o(.text)
    __printf                                 0x08019dcd   Thumb Code   388  __printf_flags_ss_wp.o(.text)
    strchr                                   0x08019f55   Thumb Code    20  strchr.o(.text)
    strstr                                   0x08019f69   Thumb Code    36  strstr.o(.text)
    memcmp                                   0x08019f8d   Thumb Code    88  memcmp.o(.text)
    strlen                                   0x08019fe5   Thumb Code    62  strlen.o(.text)
    __aeabi_memcpy                           0x0801a023   Thumb Code     0  rt_memcpy_v6.o(.text)
    __rt_memcpy                              0x0801a023   Thumb Code   138  rt_memcpy_v6.o(.text)
    _memcpy_lastbytes                        0x0801a089   Thumb Code     0  rt_memcpy_v6.o(.text)
    __aeabi_memcpy4                          0x0801a0ad   Thumb Code     0  rt_memcpy_w.o(.text)
    __aeabi_memcpy8                          0x0801a0ad   Thumb Code     0  rt_memcpy_w.o(.text)
    __rt_memcpy_w                            0x0801a0ad   Thumb Code   100  rt_memcpy_w.o(.text)
    _memcpy_lastbytes_aligned                0x0801a0f5   Thumb Code     0  rt_memcpy_w.o(.text)
    __aeabi_memclr                           0x0801a111   Thumb Code     0  rt_memclr.o(.text)
    __rt_memclr                              0x0801a111   Thumb Code    68  rt_memclr.o(.text)
    _memset                                  0x0801a115   Thumb Code     0  rt_memclr.o(.text)
    __aeabi_memclr4                          0x0801a155   Thumb Code     0  rt_memclr_w.o(.text)
    __aeabi_memclr8                          0x0801a155   Thumb Code     0  rt_memclr_w.o(.text)
    __rt_memclr_w                            0x0801a155   Thumb Code    78  rt_memclr_w.o(.text)
    _memset_w                                0x0801a159   Thumb Code     0  rt_memclr_w.o(.text)
    strcmp                                   0x0801a1a5   Thumb Code   128  strcmpv7m.o(.text)
    __use_two_region_memory                  0x0801a225   Thumb Code     2  heapauxi.o(.text)
    __rt_heap_escrow$2region                 0x0801a227   Thumb Code     2  heapauxi.o(.text)
    __rt_heap_expand$2region                 0x0801a229   Thumb Code     2  heapauxi.o(.text)
    __I$use$semihosting                      0x0801a22b   Thumb Code     0  use_no_semi.o(.text)
    __use_no_semihosting_swi                 0x0801a22b   Thumb Code     2  use_no_semi.o(.text)
    __rt_locale                              0x0801a22d   Thumb Code     8  rt_locale_intlibspace.o(.text)
    __read_errno                             0x0801a235   Thumb Code    10  _rserrno.o(.text)
    __set_errno                              0x0801a23f   Thumb Code    12  _rserrno.o(.text)
    _printf_truncate_signed                  0x0801a24b   Thumb Code    18  _printf_truncate.o(.text)
    _printf_truncate_unsigned                0x0801a25d   Thumb Code    18  _printf_truncate.o(.text)
    _printf_int_common                       0x0801a26f   Thumb Code   178  _printf_intcommon.o(.text)
    _printf_charcount                        0x0801a321   Thumb Code    40  _printf_charcount.o(.text)
    __lib_sel_fp_printf                      0x0801a349   Thumb Code     2  _printf_fp_dec.o(.text)
    _printf_fp_dec_real                      0x0801a4f7   Thumb Code   620  _printf_fp_dec.o(.text)
    _printf_char_common                      0x0801a76f   Thumb Code    32  _printf_char_common.o(.text)
    _sputc                                   0x0801a795   Thumb Code    10  _sputc.o(.text)
    _printf_cs_common                        0x0801a79f   Thumb Code    20  _printf_char.o(.text)
    _printf_char                             0x0801a7b3   Thumb Code    16  _printf_char.o(.text)
    _printf_string                           0x0801a7c3   Thumb Code     8  _printf_char.o(.text)
    _printf_char_file                        0x0801a7cd   Thumb Code    32  _printf_char_file.o(.text)
    _printf_wctomb                           0x0801a7f1   Thumb Code   182  _printf_wctomb.o(.text)
    _printf_longlong_dec                     0x0801a8ad   Thumb Code   108  _printf_longlong_dec.o(.text)
    _printf_longlong_oct                     0x0801a929   Thumb Code    68  _printf_oct_int_ll.o(.text)
    _printf_int_oct                          0x0801a96d   Thumb Code    24  _printf_oct_int_ll.o(.text)
    _printf_ll_oct                           0x0801a985   Thumb Code    12  _printf_oct_int_ll.o(.text)
    __user_libspace                          0x0801a999   Thumb Code     8  libspace.o(.text)
    __user_perproc_libspace                  0x0801a999   Thumb Code     0  libspace.o(.text)
    __user_perthread_libspace                0x0801a999   Thumb Code     0  libspace.o(.text)
    __aeabi_errno_addr                       0x0801a9a1   Thumb Code     8  rt_errno_addr_intlibspace.o(.text)
    __errno$intlibspace                      0x0801a9a1   Thumb Code     0  rt_errno_addr_intlibspace.o(.text)
    __rt_errno_addr$intlibspace              0x0801a9a1   Thumb Code     0  rt_errno_addr_intlibspace.o(.text)
    _ll_udiv10                               0x0801a9a9   Thumb Code   138  lludiv10.o(.text)
    _printf_fp_hex_real                      0x0801aa35   Thumb Code   754  _printf_fp_hex.o(.text)
    _printf_fp_infnan                        0x0801ad31   Thumb Code   112  _printf_fp_infnan.o(.text)
    _printf_lcs_common                       0x0801adb1   Thumb Code    20  _printf_wchar.o(.text)
    _printf_wchar                            0x0801adc5   Thumb Code    16  _printf_wchar.o(.text)
    _printf_wstring                          0x0801add5   Thumb Code     8  _printf_wchar.o(.text)
    _btod_etento                             0x0801addd   Thumb Code   216  bigflt0.o(.text)
    ferror                                   0x0801aeb9   Thumb Code     8  ferror.o(.text)
    _wcrtomb                                 0x0801aec1   Thumb Code    64  _wcrtomb.o(.text)
    __user_setup_stackheap                   0x0801af01   Thumb Code    74  sys_stackheap_outer.o(.text)
    exit                                     0x0801af4b   Thumb Code    12  exit.o(.text)
    _btod_d2e                                0x0801af57   Thumb Code    62  btod.o(CL$$btod_d2e)
    _d2e_denorm_low                          0x0801af95   Thumb Code    70  btod.o(CL$$btod_d2e_denorm_low)
    _d2e_norm_op1                            0x0801afdb   Thumb Code    96  btod.o(CL$$btod_d2e_norm_op1)
    __btod_div_common                        0x0801b03b   Thumb Code   696  btod.o(CL$$btod_div_common)
    _e2e                                     0x0801b373   Thumb Code   198  btod.o(CL$$btod_e2e)
    _btod_ediv                               0x0801b439   Thumb Code    40  btod.o(CL$$btod_ediv)
    _btod_emul                               0x0801b461   Thumb Code    40  btod.o(CL$$btod_emul)
    __btod_mult_common                       0x0801b489   Thumb Code   580  btod.o(CL$$btod_mult_common)
    __ARM_fpclassify                         0x0801b6cd   Thumb Code    48  fpclassify.o(i.__ARM_fpclassify)
    __hardfp_acos                            0x0801b701   Thumb Code   738  acos.o(i.__hardfp_acos)
    __hardfp_asin                            0x0801ba59   Thumb Code   770  asin.o(i.__hardfp_asin)
    __hardfp_atan                            0x0801bdb9   Thumb Code   622  atan.o(i.__hardfp_atan)
    __hardfp_cos                             0x0801c091   Thumb Code   180  cos.o(i.__hardfp_cos)
    __hardfp_fabs                            0x0801c159   Thumb Code    20  fabs.o(i.__hardfp_fabs)
    __hardfp_sin                             0x0801c171   Thumb Code   180  sin.o(i.__hardfp_sin)
    __hardfp_sqrt                            0x0801c239   Thumb Code   122  sqrt.o(i.__hardfp_sqrt)
    __hardfp_tan                             0x0801c2b9   Thumb Code   108  tan.o(i.__hardfp_tan)
    __ieee754_rem_pio2                       0x0801c339   Thumb Code   938  rred.o(i.__ieee754_rem_pio2)
    __kernel_cos                             0x0801c771   Thumb Code   322  cos_i.o(i.__kernel_cos)
    __kernel_poly                            0x0801c8e1   Thumb Code   248  poly.o(i.__kernel_poly)
    __kernel_sin                             0x0801c9d9   Thumb Code   280  sin_i.o(i.__kernel_sin)
    __kernel_tan                             0x0801cb09   Thumb Code   764  tan_i.o(i.__kernel_tan)
    __mathlib_dbl_infnan                     0x0801ce59   Thumb Code    20  dunder.o(i.__mathlib_dbl_infnan)
    __mathlib_dbl_invalid                    0x0801ce71   Thumb Code    24  dunder.o(i.__mathlib_dbl_invalid)
    __mathlib_dbl_underflow                  0x0801ce91   Thumb Code    24  dunder.o(i.__mathlib_dbl_underflow)
    _is_digit                                0x0801ceb1   Thumb Code    14  __printf_wp.o(i._is_digit)
    fabs                                     0x0801cebf   Thumb Code    24  fabs.o(i.fabs)
    sqrt                                     0x0801ced7   Thumb Code   110  sqrt.o(i.sqrt)
    _get_lc_ctype                            0x0801cf45   Thumb Code    44  lc_ctype_c.o(locale$$code)
    _get_lc_numeric                          0x0801cf71   Thumb Code    44  lc_numeric_c.o(locale$$code)
    __aeabi_dneg                             0x0801cf9d   Thumb Code     0  basic.o(x$fpl$basic)
    _dneg                                    0x0801cf9d   Thumb Code     6  basic.o(x$fpl$basic)
    __aeabi_fneg                             0x0801cfa3   Thumb Code     0  basic.o(x$fpl$basic)
    _fneg                                    0x0801cfa3   Thumb Code     6  basic.o(x$fpl$basic)
    _dabs                                    0x0801cfa9   Thumb Code     6  basic.o(x$fpl$basic)
    _fabs                                    0x0801cfaf   Thumb Code     6  basic.o(x$fpl$basic)
    __aeabi_d2f                              0x0801cfb5   Thumb Code     0  d2f.o(x$fpl$d2f)
    _d2f                                     0x0801cfb5   Thumb Code    98  d2f.o(x$fpl$d2f)
    __aeabi_dadd                             0x0801d019   Thumb Code     0  daddsub_clz.o(x$fpl$dadd)
    _dadd                                    0x0801d019   Thumb Code   332  daddsub_clz.o(x$fpl$dadd)
    __fpl_dcmp_Inf                           0x0801d169   Thumb Code    24  dcmpi.o(x$fpl$dcmpinf)
    __aeabi_ddiv                             0x0801d181   Thumb Code     0  ddiv.o(x$fpl$ddiv)
    _ddiv                                    0x0801d181   Thumb Code   552  ddiv.o(x$fpl$ddiv)
    __aeabi_d2iz                             0x0801d431   Thumb Code     0  dfix.o(x$fpl$dfix)
    _dfix                                    0x0801d431   Thumb Code    94  dfix.o(x$fpl$dfix)
    __aeabi_i2d                              0x0801d48f   Thumb Code     0  dflt_clz.o(x$fpl$dflt)
    _dflt                                    0x0801d48f   Thumb Code    46  dflt_clz.o(x$fpl$dflt)
    __aeabi_ui2d                             0x0801d4bd   Thumb Code     0  dflt_clz.o(x$fpl$dfltu)
    _dfltu                                   0x0801d4bd   Thumb Code    38  dflt_clz.o(x$fpl$dfltu)
    __aeabi_cdcmple                          0x0801d4e5   Thumb Code     0  dleqf.o(x$fpl$dleqf)
    _dcmple                                  0x0801d4e5   Thumb Code   120  dleqf.o(x$fpl$dleqf)
    __fpl_dcmple_InfNaN                      0x0801d547   Thumb Code     0  dleqf.o(x$fpl$dleqf)
    __aeabi_dmul                             0x0801d55d   Thumb Code     0  dmul.o(x$fpl$dmul)
    _dmul                                    0x0801d55d   Thumb Code   332  dmul.o(x$fpl$dmul)
    __fpl_dnaninf                            0x0801d6b1   Thumb Code   156  dnaninf.o(x$fpl$dnaninf)
    __fpl_dretinf                            0x0801d74d   Thumb Code    12  dretinf.o(x$fpl$dretinf)
    __aeabi_cdrcmple                         0x0801d759   Thumb Code     0  drleqf.o(x$fpl$drleqf)
    _drcmple                                 0x0801d759   Thumb Code   108  drleqf.o(x$fpl$drleqf)
    __aeabi_drsub                            0x0801d7c5   Thumb Code     0  daddsub_clz.o(x$fpl$drsb)
    _drsb                                    0x0801d7c5   Thumb Code    22  daddsub_clz.o(x$fpl$drsb)
    _dsqrt                                   0x0801d7dd   Thumb Code   404  dsqrt_umaal.o(x$fpl$dsqrt)
    __aeabi_dsub                             0x0801d975   Thumb Code     0  daddsub_clz.o(x$fpl$dsub)
    _dsub                                    0x0801d975   Thumb Code   464  daddsub_clz.o(x$fpl$dsub)
    __aeabi_f2d                              0x0801db49   Thumb Code     0  f2d.o(x$fpl$f2d)
    _f2d                                     0x0801db49   Thumb Code    86  f2d.o(x$fpl$f2d)
    __fpl_fnaninf                            0x0801db9f   Thumb Code   140  fnaninf.o(x$fpl$fnaninf)
    _fp_init                                 0x0801dc2b   Thumb Code    10  fpinit.o(x$fpl$fpinit)
    __fplib_config_fpu_vfp                   0x0801dc33   Thumb Code     0  fpinit.o(x$fpl$fpinit)
    __fplib_config_pureend_doubles           0x0801dc33   Thumb Code     0  fpinit.o(x$fpl$fpinit)
    __fpl_fretinf                            0x0801dc35   Thumb Code    10  fretinf.o(x$fpl$fretinf)
    _printf_fp_dec                           0x0801dc3f   Thumb Code     4  printf1.o(x$fpl$printf1)
    _printf_fp_hex                           0x0801dc43   Thumb Code     4  printf2.o(x$fpl$printf2)
    __I$use$fp                               0x0801dc46   Number         0  usenofp.o(x$fpl$usenofp)
    FSMC_DefaultTimingStruct                 0x0801dc48   Data          28  stm32f4xx_fsmc.o(.constdata)
    ethbroadcast                             0x0801dc64   Data           6  etharp.o(.constdata)
    ethzero                                  0x0801dc6a   Data           6  etharp.o(.constdata)
    ip_addr_any                              0x0801dc70   Data           4  ip_addr.o(.constdata)
    ip_addr_broadcast                        0x0801dc74   Data           4  ip_addr.o(.constdata)
    tcp_state_str                            0x0801dcb0   Data          44  tcp.o(.constdata)
    tcp_backoff                              0x0801dcdc   Data          13  tcp.o(.constdata)
    tcp_persist_backoff                      0x0801dce9   Data           7  tcp.o(.constdata)
    tcp_pcb_lists                            0x0801dcf0   Data          16  tcp.o(.constdata)
    pvNullPointer                            0x0801dd00   Data           4  sys_arch.o(.constdata)
    OSUnMapTbl                               0x0801dd44   Data         256  os_core.o(.constdata)
    memtblsize                               0x0801de44   Data          12  malloc.o(.constdata)
    memblksize                               0x0801de50   Data          12  malloc.o(.constdata)
    memsize                                  0x0801de5c   Data          12  malloc.o(.constdata)
    Region$$Table$$Base                      0x0801e5b8   Number         0  anon$$obj.o(Region$$Table)
    Region$$Table$$Limit                     0x0801e5d8   Number         0  anon$$obj.o(Region$$Table)
    __ctype                                  0x0801e5e5   Data           0  lc_ctype_c.o(locale$$data)
    mem3base                                 0x10000000   Data       61440  malloc.o(.ARM.__AT_0x10000000)
    mem3mapbase                              0x1000f000   Data        3840  malloc.o(.ARM.__AT_0x1000F000)
    SystemCoreClock                          0x20000000   Data           4  system_stm32f4xx.o(.data)
    AHBPrescTable                            0x20000004   Data          16  system_stm32f4xx.o(.data)
    DMARxDscrTab                             0x20000018   Data           4  lan8720.o(.data)
    DMATxDscrTab                             0x2000001c   Data           4  lan8720.o(.data)
    Rx_Buff                                  0x20000020   Data           4  lan8720.o(.data)
    Tx_Buff                                  0x20000024   Data           4  lan8720.o(.data)
    DMATxDescToSet                           0x20000038   Data           4  stm32f4x7_eth.o(.data)
    DMARxDescToGet                           0x2000003c   Data           4  stm32f4x7_eth.o(.data)
    DMA_RX_FRAME_infos                       0x20000040   Data           4  stm32f4x7_eth.o(.data)
    Frame_Rx_index                           0x20000044   Data           4  stm32f4x7_eth.o(.data)
    __stdout                                 0x2000004c   Data           4  usart.o(.data)
    USART_RX_STA                             0x20000050   Data           2  usart.o(.data)
    USART3_RX_STA                            0x20000052   Data           2  usart3.o(.data)
    USART6_RX_STA                            0x20000054   Data           2  usart6.o(.data)
    USART2_RX_STA                            0x20000056   Data           2  usart2.o(.data)
    sys_cmd_tab                              0x20000058   Data          28  usmart.o(.data)
    usmart_nametab                           0x20000074   Data          48  usmart_config.o(.data)
    usmart_dev                               0x200000a4   Data         244  usmart_config.o(.data)
    TCPIP_THREAD_TASK_STK                    0x20000198   Data           4  lwip_comm.o(.data)
    LWIP_DHCP_TASK_STK                       0x2000019c   Data           4  lwip_comm.o(.data)
    tcp_server_flag                          0x200001a0   Data           1  tcp_server_demo.o(.data)
    tcp_clientconn                           0x200001ac   Data           4  tcp_client_demo.o(.data)
    tcp_client_flag                          0x200001b0   Data           1  tcp_client_demo.o(.data)
    current_netif                            0x200001c4   Data           4  ip.o(.data)
    current_header                           0x200001c8   Data           4  ip.o(.data)
    current_iphdr_src                        0x200001cc   Data           4  ip.o(.data)
    current_iphdr_dest                       0x200001d0   Data           4  ip.o(.data)
    memp_memory                              0x20000218   Data           4  memp.o(.data)
    netif_list                               0x2000021c   Data           4  netif.o(.data)
    netif_default                            0x20000220   Data           4  netif.o(.data)
    tcp_ticks                                0x20000230   Data           4  tcp.o(.data)
    tcp_bound_pcbs                           0x20000234   Data           4  tcp.o(.data)
    tcp_listen_pcbs                          0x20000238   Data           4  tcp.o(.data)
    tcp_active_pcbs                          0x2000023c   Data           4  tcp.o(.data)
    tcp_tw_pcbs                              0x20000240   Data           4  tcp.o(.data)
    tcp_tmp_pcb                              0x20000244   Data           4  tcp.o(.data)
    tcp_active_pcbs_changed                  0x20000248   Data           1  tcp.o(.data)
    tcp_input_pcb                            0x2000026c   Data           4  tcp_in.o(.data)
    udp_pcbs                                 0x2000027c   Data           4  udp.o(.data)
    ram_heap                                 0x20000280   Data           4  mem.o(.data)
    OSCtxSwCtr                               0x200002a8   Data           4  os_core.o(.data)
    OSEventFreeList                          0x200002ac   Data           4  os_core.o(.data)
    OSFlagFreeList                           0x200002b0   Data           4  os_core.o(.data)
    OSCPUUsage                               0x200002b4   Data           1  os_core.o(.data)
    OSIdleCtrMax                             0x200002b8   Data           4  os_core.o(.data)
    OSIdleCtrRun                             0x200002bc   Data           4  os_core.o(.data)
    OSStatRdy                                0x200002c0   Data           1  os_core.o(.data)
    OSIntNesting                             0x200002c1   Data           1  os_core.o(.data)
    OSLockNesting                            0x200002c2   Data           1  os_core.o(.data)
    OSPrioCur                                0x200002c3   Data           1  os_core.o(.data)
    OSPrioHighRdy                            0x200002c4   Data           1  os_core.o(.data)
    OSRdyGrp                                 0x200002c5   Data           1  os_core.o(.data)
    OSRdyTbl                                 0x200002c6   Data           8  os_core.o(.data)
    OSRunning                                0x200002ce   Data           1  os_core.o(.data)
    OSTaskCtr                                0x200002cf   Data           1  os_core.o(.data)
    OSIdleCtr                                0x200002d0   Data           4  os_core.o(.data)
    OSTCBCur                                 0x200002d4   Data           4  os_core.o(.data)
    OSTCBFreeList                            0x200002d8   Data           4  os_core.o(.data)
    OSTCBHighRdy                             0x200002dc   Data           4  os_core.o(.data)
    OSTCBList                                0x200002e0   Data           4  os_core.o(.data)
    OSTickStepState                          0x200002e4   Data           1  os_core.o(.data)
    OSMemFreeList                            0x200002e8   Data           4  os_core.o(.data)
    OSQFreeList                              0x200002ec   Data           4  os_core.o(.data)
    OSTime                                   0x200002f0   Data           4  os_core.o(.data)
    OSTmrFree                                0x200002f4   Data           2  os_core.o(.data)
    OSTmrUsed                                0x200002f6   Data           2  os_core.o(.data)
    OSTmrTime                                0x200002f8   Data           4  os_core.o(.data)
    OSTmrSem                                 0x200002fc   Data           4  os_core.o(.data)
    OSTmrSemSignal                           0x20000300   Data           4  os_core.o(.data)
    OSTmrFreeList                            0x20000304   Data           4  os_core.o(.data)
    OSInterrputSum                           0x20000308   Data           4  os_cpu_c.o(.data)
    mallco_dev                               0x20000310   Data          36  malloc.o(.data)
    CruPosition                              0x20000334   Data           4  driver.o(.data)
    CruLeftVelocity                          0x20000338   Data           4  driver.o(.data)
    CruRightVelocity                         0x2000033c   Data           4  driver.o(.data)
    FMQ                                      0x20000344   Data           4  message.o(.data)
    DCQ                                      0x20000348   Data           4  message.o(.data)
    portnum                                  0x2000034c   Data           4  common.o(.data)
    wifista_ssid                             0x20000350   Data           4  common.o(.data)
    wifista_encryption                       0x20000354   Data           4  common.o(.data)
    wifista_password                         0x20000358   Data           4  common.o(.data)
    wifiap_ssid                              0x2000035c   Data           4  common.o(.data)
    wifiap_encryption                        0x20000360   Data           4  common.o(.data)
    wifiap_password                          0x20000364   Data           4  common.o(.data)
    ATK_ESP8266_CWMODE_TBL                   0x20000368   Data          12  common.o(.data)
    ATK_ESP8266_WORKMODE_TBL                 0x20000374   Data          12  common.o(.data)
    ATK_ESP8266_ECN_TBL                      0x20000380   Data          20  common.o(.data)
    Yaw                                      0x20000394   Data           2  mpu6050.o(.data)
    KEY_TASK_STK                             0x20000398   Data         512  main.o(.bss)
    LED_TASK_STK                             0x20000598   Data         256  main.o(.bss)
    DISPLAY_TASK_STK                         0x20000698   Data         512  main.o(.bss)
    START_TASK_STK                           0x20000898   Data         512  main.o(.bss)
    CAN_TASK_STK                             0x20000a98   Data         512  can.o(.bss)
    RX_Frame_Descriptor                      0x20000c98   Data          12  stm32f4x7_eth.o(.bss)
    USART_RX_BUF                             0x20000ca4   Data         200  usart.o(.bss)
    USART3_TX_BUF                            0x20000d70   Data         200  usart3.o(.bss)
    USART3_RX_BUF                            0x20000e38   Data         200  usart3.o(.bss)
    USART6_TX_BUF                            0x20000f00   Data         400  usart6.o(.bss)
    USART6_RX_BUF                            0x20001090   Data         400  usart6.o(.bss)
    USART2_TX_BUF                            0x20001220   Data         200  usart2.o(.bss)
    USART2_RX_BUF                            0x200012e8   Data         200  usart2.o(.bss)
    lwipdev                                  0x200013b0   Data          23  lwip_comm.o(.bss)
    lwip_netif                               0x200013c8   Data          48  lwip_comm.o(.bss)
    tcp_server_recvbuf                       0x200013f8   Data         200  tcp_server_demo.o(.bss)
    tcp_server_sendbuf                       0x200014c0   Data         125  tcp_server_demo.o(.bss)
    TCPSERVER_TASK_STK                       0x20001540   Data        1200  tcp_server_demo.o(.bss)
    tcp_client_recvbuf                       0x200019f0   Data         200  tcp_client_demo.o(.bss)
    TCPCLIENT_TASK_STK                       0x20001ab8   Data        1200  tcp_client_demo.o(.bss)
    OSEventTbl                               0x200020ec   Data         240  os_core.o(.bss)
    OSFlagTbl                                0x200021dc   Data          80  os_core.o(.bss)
    OSTaskStatStk                            0x2000222c   Data         512  os_core.o(.bss)
    OSTaskIdleStk                            0x2000242c   Data         512  os_core.o(.bss)
    OSTCBPrioTbl                             0x2000262c   Data         256  os_core.o(.bss)
    OSTCBTbl                                 0x2000272c   Data        1008  os_core.o(.bss)
    OSMemTbl                                 0x20002b1c   Data         120  os_core.o(.bss)
    OSQTbl                                   0x20002b94   Data         120  os_core.o(.bss)
    OSTmrTbl                                 0x20002c0c   Data         640  os_core.o(.bss)
    OSTmrTaskStk                             0x20002e8c   Data         512  os_core.o(.bss)
    OSTmrWheelTbl                            0x2000308c   Data          64  os_core.o(.bss)
    mem1base                                 0x200030cc   Data       102400  malloc.o(.bss)
    mem1mapbase                              0x2001c0cc   Data        6400  malloc.o(.bss)
    FeedbackMsgQueue                         0x2001d9cc   Data          20  message.o(.bss)
    FeedbackMsgArrry                         0x2001d9e0   Data        5280  message.o(.bss)
    DriverCmdQueue                           0x2001ee80   Data          20  message.o(.bss)
    DriverCmdArray                           0x2001ee94   Data         640  message.o(.bss)
    MsgGrp                                   0x2001f114   Data        1024  message.o(.bss)
    WIFI_TASK_STK                            0x2001f518   Data         512  common.o(.bss)
    MPU6050_TASK_STK                         0x2001f718   Data         512  mpu6050.o(.bss)
    __libspace_start                         0x2001f918   Data          96  libspace.o(.bss)
    __temporary_stack_top$libspace           0x2001f978   Data           0  libspace.o(.bss)
    mem2base                                 0x68000000   Data       204800  malloc.o(.ARM.__AT_0x68000000)
    mem2mapbase                              0x68032000   Data       12800  malloc.o(.ARM.__AT_0x68032000)



==============================================================================

Memory Map of the image

  Image Entry point : 0x08000189

  Load Region LR_IROM1 (Base: 0x08000000, Size: 0x0001ea9c, Max: 0x00100000, ABSOLUTE, COMPRESSED[0x0001e800])

    Execution Region ER_IROM1 (Base: 0x08000000, Size: 0x0001e704, Max: 0x00100000, ABSOLUTE)

    Base Addr    Size         Type   Attr      Idx    E Section Name        Object

    0x08000000   0x00000188   Data   RO          545    RESET               startup_stm32f40_41xxx.o
    0x08000188   0x00000008   Code   RO         2710  * !!!main             c_w.l(__main.o)
    0x08000190   0x00000034   Code   RO         3159    !!!scatter          c_w.l(__scatter.o)
    0x080001c4   0x0000005a   Code   RO         3157    !!dczerorl2         c_w.l(__dczerorl2.o)
    0x0800021e   0x00000002   PAD
    0x08000220   0x0000001c   Code   RO         3161    !!handler_zi        c_w.l(__scatter_zi.o)
    0x0800023c   0x00000000   Code   RO         2689    .ARM.Collect$$_printf_percent$$00000000  c_w.l(_printf_percent.o)
    0x0800023c   0x00000006   Code   RO         2877    .ARM.Collect$$_printf_percent$$00000001  c_w.l(_printf_n.o)
    0x08000242   0x00000006   Code   RO         2878    .ARM.Collect$$_printf_percent$$00000002  c_w.l(_printf_p.o)
    0x08000248   0x00000006   Code   RO         2688    .ARM.Collect$$_printf_percent$$00000003  c_w.l(_printf_f.o)
    0x0800024e   0x00000006   Code   RO         2881    .ARM.Collect$$_printf_percent$$00000004  c_w.l(_printf_e.o)
    0x08000254   0x00000006   Code   RO         2882    .ARM.Collect$$_printf_percent$$00000005  c_w.l(_printf_g.o)
    0x0800025a   0x00000006   Code   RO         2883    .ARM.Collect$$_printf_percent$$00000006  c_w.l(_printf_a.o)
    0x08000260   0x0000000a   Code   RO         2888    .ARM.Collect$$_printf_percent$$00000007  c_w.l(_printf_ll.o)
    0x0800026a   0x00000006   Code   RO         2880    .ARM.Collect$$_printf_percent$$00000008  c_w.l(_printf_i.o)
    0x08000270   0x00000006   Code   RO         2686    .ARM.Collect$$_printf_percent$$00000009  c_w.l(_printf_d.o)
    0x08000276   0x00000006   Code   RO         2687    .ARM.Collect$$_printf_percent$$0000000A  c_w.l(_printf_u.o)
    0x0800027c   0x00000006   Code   RO         2879    .ARM.Collect$$_printf_percent$$0000000B  c_w.l(_printf_o.o)
    0x08000282   0x00000006   Code   RO         2685    .ARM.Collect$$_printf_percent$$0000000C  c_w.l(_printf_x.o)
    0x08000288   0x00000006   Code   RO         2885    .ARM.Collect$$_printf_percent$$0000000D  c_w.l(_printf_lli.o)
    0x0800028e   0x00000006   Code   RO         2886    .ARM.Collect$$_printf_percent$$0000000E  c_w.l(_printf_lld.o)
    0x08000294   0x00000006   Code   RO         2887    .ARM.Collect$$_printf_percent$$0000000F  c_w.l(_printf_llu.o)
    0x0800029a   0x00000006   Code   RO         2892    .ARM.Collect$$_printf_percent$$00000010  c_w.l(_printf_llo.o)
    0x080002a0   0x00000006   Code   RO         2893    .ARM.Collect$$_printf_percent$$00000011  c_w.l(_printf_llx.o)
    0x080002a6   0x0000000a   Code   RO         2889    .ARM.Collect$$_printf_percent$$00000012  c_w.l(_printf_l.o)
    0x080002b0   0x00000006   Code   RO         2683    .ARM.Collect$$_printf_percent$$00000013  c_w.l(_printf_c.o)
    0x080002b6   0x00000006   Code   RO         2684    .ARM.Collect$$_printf_percent$$00000014  c_w.l(_printf_s.o)
    0x080002bc   0x00000006   Code   RO         2890    .ARM.Collect$$_printf_percent$$00000015  c_w.l(_printf_lc.o)
    0x080002c2   0x00000006   Code   RO         2891    .ARM.Collect$$_printf_percent$$00000016  c_w.l(_printf_ls.o)
    0x080002c8   0x00000004   Code   RO         2884    .ARM.Collect$$_printf_percent$$00000017  c_w.l(_printf_percent_end.o)
    0x080002cc   0x00000002   Code   RO         3082    .ARM.Collect$$libinit$$00000000  c_w.l(libinit.o)
    0x080002ce   0x00000004   Code   RO         3024    .ARM.Collect$$libinit$$00000001  c_w.l(libinit2.o)
    0x080002d2   0x00000000   Code   RO         3027    .ARM.Collect$$libinit$$00000004  c_w.l(libinit2.o)
    0x080002d2   0x00000000   Code   RO         3030    .ARM.Collect$$libinit$$0000000A  c_w.l(libinit2.o)
    0x080002d2   0x00000000   Code   RO         3032    .ARM.Collect$$libinit$$0000000C  c_w.l(libinit2.o)
    0x080002d2   0x00000000   Code   RO         3034    .ARM.Collect$$libinit$$0000000E  c_w.l(libinit2.o)
    0x080002d2   0x00000006   Code   RO         3035    .ARM.Collect$$libinit$$0000000F  c_w.l(libinit2.o)
    0x080002d8   0x00000000   Code   RO         3037    .ARM.Collect$$libinit$$00000011  c_w.l(libinit2.o)
    0x080002d8   0x0000000c   Code   RO         3038    .ARM.Collect$$libinit$$00000012  c_w.l(libinit2.o)
    0x080002e4   0x00000000   Code   RO         3039    .ARM.Collect$$libinit$$00000013  c_w.l(libinit2.o)
    0x080002e4   0x00000000   Code   RO         3041    .ARM.Collect$$libinit$$00000015  c_w.l(libinit2.o)
    0x080002e4   0x0000000a   Code   RO         3042    .ARM.Collect$$libinit$$00000016  c_w.l(libinit2.o)
    0x080002ee   0x00000000   Code   RO         3043    .ARM.Collect$$libinit$$00000017  c_w.l(libinit2.o)
    0x080002ee   0x00000000   Code   RO         3045    .ARM.Collect$$libinit$$00000019  c_w.l(libinit2.o)
    0x080002ee   0x00000000   Code   RO         3047    .ARM.Collect$$libinit$$0000001B  c_w.l(libinit2.o)
    0x080002ee   0x00000000   Code   RO         3049    .ARM.Collect$$libinit$$0000001D  c_w.l(libinit2.o)
    0x080002ee   0x00000000   Code   RO         3051    .ARM.Collect$$libinit$$0000001F  c_w.l(libinit2.o)
    0x080002ee   0x00000000   Code   RO         3053    .ARM.Collect$$libinit$$00000021  c_w.l(libinit2.o)
    0x080002ee   0x00000000   Code   RO         3055    .ARM.Collect$$libinit$$00000023  c_w.l(libinit2.o)
    0x080002ee   0x00000000   Code   RO         3057    .ARM.Collect$$libinit$$00000025  c_w.l(libinit2.o)
    0x080002ee   0x00000000   Code   RO         3061    .ARM.Collect$$libinit$$0000002C  c_w.l(libinit2.o)
    0x080002ee   0x00000000   Code   RO         3063    .ARM.Collect$$libinit$$0000002E  c_w.l(libinit2.o)
    0x080002ee   0x00000000   Code   RO         3065    .ARM.Collect$$libinit$$00000030  c_w.l(libinit2.o)
    0x080002ee   0x00000000   Code   RO         3067    .ARM.Collect$$libinit$$00000032  c_w.l(libinit2.o)
    0x080002ee   0x00000002   Code   RO         3068    .ARM.Collect$$libinit$$00000033  c_w.l(libinit2.o)
    0x080002f0   0x00000002   Code   RO         3115    .ARM.Collect$$libshutdown$$00000000  c_w.l(libshutdown.o)
    0x080002f2   0x00000000   Code   RO         3122    .ARM.Collect$$libshutdown$$00000003  c_w.l(libshutdown2.o)
    0x080002f2   0x00000000   Code   RO         3125    .ARM.Collect$$libshutdown$$00000006  c_w.l(libshutdown2.o)
    0x080002f2   0x00000000   Code   RO         3128    .ARM.Collect$$libshutdown$$00000009  c_w.l(libshutdown2.o)
    0x080002f2   0x00000000   Code   RO         3130    .ARM.Collect$$libshutdown$$0000000B  c_w.l(libshutdown2.o)
    0x080002f2   0x00000000   Code   RO         3133    .ARM.Collect$$libshutdown$$0000000E  c_w.l(libshutdown2.o)
    0x080002f2   0x00000002   Code   RO         3134    .ARM.Collect$$libshutdown$$0000000F  c_w.l(libshutdown2.o)
    0x080002f4   0x00000000   Code   RO         2842    .ARM.Collect$$rtentry$$00000000  c_w.l(__rtentry.o)
    0x080002f4   0x00000000   Code   RO         2960    .ARM.Collect$$rtentry$$00000002  c_w.l(__rtentry2.o)
    0x080002f4   0x00000006   Code   RO         2972    .ARM.Collect$$rtentry$$00000004  c_w.l(__rtentry4.o)
    0x080002fa   0x00000000   Code   RO         2962    .ARM.Collect$$rtentry$$00000009  c_w.l(__rtentry2.o)
    0x080002fa   0x00000004   Code   RO         2963    .ARM.Collect$$rtentry$$0000000A  c_w.l(__rtentry2.o)
    0x080002fe   0x00000000   Code   RO         2965    .ARM.Collect$$rtentry$$0000000C  c_w.l(__rtentry2.o)
    0x080002fe   0x00000008   Code   RO         2966    .ARM.Collect$$rtentry$$0000000D  c_w.l(__rtentry2.o)
    0x08000306   0x00000002   Code   RO         3085    .ARM.Collect$$rtexit$$00000000  c_w.l(rtexit.o)
    0x08000308   0x00000000   Code   RO         3094    .ARM.Collect$$rtexit$$00000002  c_w.l(rtexit2.o)
    0x08000308   0x00000004   Code   RO         3095    .ARM.Collect$$rtexit$$00000003  c_w.l(rtexit2.o)
    0x0800030c   0x00000006   Code   RO         3096    .ARM.Collect$$rtexit$$00000004  c_w.l(rtexit2.o)
    0x08000312   0x00000002   PAD
    0x08000314   0x000002f8   Code   RO            3    .text               main.o
    0x0800060c   0x00000014   Code   RO          260    .text               stm32f4xx_it.o
    0x08000620   0x00000210   Code   RO          309    .text               system_stm32f4xx.o
    0x08000830   0x000000e0   Code   RO          335    .text               key.o
    0x08000910   0x00000084   Code   RO          356    .text               led.o
    0x08000994   0x00000170   Code   RO          376    .text               timer.o
    0x08000b04   0x00000390   Code   RO          401    .text               lan8720.o
    0x08000e94   0x000002a4   Code   RO          428    .text               sram.o
    0x08001138   0x000002d4   Code   RO          448    .text               can.o
    0x0800140c   0x00000040   Code   RO          546    .text               startup_stm32f40_41xxx.o
    0x0800144c   0x000000e0   Code   RO          552    .text               misc.o
    0x0800152c   0x00000294   Code   RO          572    .text               stm32f4xx_gpio.o
    0x080017c0   0x0000065c   Code   RO          592    .text               stm32f4xx_rcc.o
    0x08001e1c   0x00000094   Code   RO          614    .text               stm32f4xx_syscfg.o
    0x08001eb0   0x00000ca2   Code   RO          634    .text               stm32f4xx_tim.o
    0x08002b52   0x00000002   PAD
    0x08002b54   0x00000454   Code   RO          654    .text               stm32f4xx_usart.o
    0x08002fa8   0x00000e40   Code   RO          674    .text               stm32f4x7_eth.o
    0x08003de8   0x000005c8   Code   RO          721    .text               stm32f4xx_fsmc.o
    0x080043b0   0x000009f0   Code   RO          744    .text               stm32f4xx_can.o
    0x08004da0   0x00000128   Code   RO          784    .text               delay.o
    0x08004ec8   0x0000019c   Code   RO          824    .text               usart.o
    0x08005064   0x00000200   Code   RO          855    .text               usart3.o
    0x08005264   0x00000174   Code   RO          889    .text               usart6.o
    0x080053d8   0x000001d8   Code   RO          916    .text               usart2.o
    0x080055b0   0x00000c3c   Code   RO          943    .text               usmart.o
    0x080061ec   0x00000528   Code   RO          988    .text               usmart_str.o
    0x08006714   0x00000304   Code   RO         1008    .text               lwip_comm.o
    0x08006a18   0x00000224   Code   RO         1129    .text               tcp_server_demo.o
    0x08006c3c   0x0000022c   Code   RO         1171    .text               tcp_client_demo.o
    0x08006e68   0x00000e7c   Code   RO         1199    .text               etharp.o
    0x08007ce4   0x00000228   Code   RO         1243    .text               ethernetif.o
    0x08007f0c   0x00000424   Code   RO         1295    .text               icmp.o
    0x08008330   0x000002b4   Code   RO         1349    .text               inet_chksum.o
    0x080085e4   0x00000400   Code   RO         1369    .text               ip.o
    0x080089e4   0x0000032c   Code   RO         1411    .text               ip_addr.o
    0x08008d10   0x00000a28   Code   RO         1445    .text               ip_frag.o
    0x08009738   0x0000003e   Code   RO         1467    .text               def.o
    0x08009776   0x00000024   Code   RO         1515    .text               init.o
    0x0800979a   0x00000002   PAD
    0x0800979c   0x000001d4   Code   RO         1553    .text               memp.o
    0x08009970   0x00000334   Code   RO         1594    .text               netif.o
    0x08009ca4   0x000010a0   Code   RO         1624    .text               pbuf.o
    0x0800ad44   0x0000024c   Code   RO         1644    .text               raw.o
    0x0800af90   0x0000148c   Code   RO         1680    .text               tcp.o
    0x0800c41c   0x00001878   Code   RO         1712    .text               tcp_in.o
    0x0800dc94   0x00001346   Code   RO         1743    .text               tcp_out.o
    0x0800efda   0x00000002   PAD
    0x0800efdc   0x000002dc   Code   RO         1764    .text               timers.o
    0x0800f2b8   0x000005b4   Code   RO         1786    .text               udp.o
    0x0800f86c   0x00000744   Code   RO         1812    .text               mem.o
    0x0800ffb0   0x000003d4   Code   RO         1835    .text               sys_arch.o
    0x08010384   0x00000bfc   Code   RO         1868    .text               api_lib.o
    0x08010f80   0x000017c0   Code   RO         1907    .text               api_msg.o
    0x08012740   0x000003b0   Code   RO         1950    .text               netbuf.o
    0x08012af0   0x00001c58   Code   RO         2001    .text               sockets.o
    0x08014748   0x000003b8   Code   RO         2025    .text               tcpip.o
    0x08014b00   0x00000970   Code   RO         2056    .text               os_core.o
    0x08015470   0x0000080c   Code   RO         2084    .text               os_flag.o
    0x08015c7c   0x000001e4   Code   RO         2124    .text               os_mem.o
    0x08015e60   0x000005f8   Code   RO         2164    .text               os_q.o
    0x08016458   0x000003dc   Code   RO         2184    .text               os_sem.o
    0x08016834   0x000007c4   Code   RO         2204    .text               os_task.o
    0x08016ff8   0x000001b0   Code   RO         2224    .text               os_time.o
    0x080171a8   0x00000670   Code   RO         2244    .text               os_tmr.o
    0x08017818   0x000001e8   Code   RO         2264    .text               os_cpu_c.o
    0x08017a00   0x000000c8   Code   RO         2292    .text               os_cpu_a.o
    0x08017ac8   0x00000234   Code   RO         2297    .text               malloc.o
    0x08017cfc   0x000000f6   Code   RO         2329    .text               convertdata.o
    0x08017df2   0x00000002   PAD
    0x08017df4   0x000006a4   Code   RO         2352    .text               driver.o
    0x08018498   0x00000546   Code   RO         2376    .text               kinematics.o
    0x080189de   0x00000002   PAD
    0x080189e0   0x00000648   Code   RO         2402    .text               message.o
    0x08019028   0x000000f6   Code   RO         2428    .text               queue.o
    0x0801911e   0x00000002   PAD
    0x08019120   0x0000060c   Code   RO         2494    .text               common.o
    0x0801972c   0x00000190   Code   RO         2524    .text               wifiap.o
    0x080198bc   0x000002e8   Code   RO         2568    .text               mpu6050.o
    0x08019ba4   0x00000002   Code   RO         2620    .text               c_w.l(use_no_semi_2.o)
    0x08019ba6   0x00000002   PAD
    0x08019ba8   0x00000010   Code   RO         2622    .text               c_w.l(rt_ctype_table.o)
    0x08019bb8   0x00000024   Code   RO         2624    .text               c_w.l(vsprintf.o)
    0x08019bdc   0x00000018   Code   RO         2626    .text               c_w.l(__2printf.o)
    0x08019bf4   0x0000002c   Code   RO         2628    .text               c_w.l(__2sprintf.o)
    0x08019c20   0x0000004e   Code   RO         2636    .text               c_w.l(_printf_pad.o)
    0x08019c6e   0x00000052   Code   RO         2638    .text               c_w.l(_printf_str.o)
    0x08019cc0   0x00000078   Code   RO         2640    .text               c_w.l(_printf_dec.o)
    0x08019d38   0x00000094   Code   RO         2660    .text               c_w.l(_printf_hex_int_ll_ptr.o)
    0x08019dcc   0x00000188   Code   RO         2680    .text               c_w.l(__printf_flags_ss_wp.o)
    0x08019f54   0x00000014   Code   RO         2690    .text               c_w.l(strchr.o)
    0x08019f68   0x00000024   Code   RO         2692    .text               c_w.l(strstr.o)
    0x08019f8c   0x00000058   Code   RO         2694    .text               c_w.l(memcmp.o)
    0x08019fe4   0x0000003e   Code   RO         2696    .text               c_w.l(strlen.o)
    0x0801a022   0x0000008a   Code   RO         2698    .text               c_w.l(rt_memcpy_v6.o)
    0x0801a0ac   0x00000064   Code   RO         2700    .text               c_w.l(rt_memcpy_w.o)
    0x0801a110   0x00000044   Code   RO         2702    .text               c_w.l(rt_memclr.o)
    0x0801a154   0x0000004e   Code   RO         2704    .text               c_w.l(rt_memclr_w.o)
    0x0801a1a2   0x00000002   PAD
    0x0801a1a4   0x00000080   Code   RO         2706    .text               c_w.l(strcmpv7m.o)
    0x0801a224   0x00000006   Code   RO         2708    .text               c_w.l(heapauxi.o)
    0x0801a22a   0x00000002   Code   RO         2840    .text               c_w.l(use_no_semi.o)
    0x0801a22c   0x00000008   Code   RO         2846    .text               c_w.l(rt_locale_intlibspace.o)
    0x0801a234   0x00000016   Code   RO         2848    .text               c_w.l(_rserrno.o)
    0x0801a24a   0x00000024   Code   RO         2850    .text               c_w.l(_printf_truncate.o)
    0x0801a26e   0x000000b2   Code   RO         2852    .text               c_w.l(_printf_intcommon.o)
    0x0801a320   0x00000028   Code   RO         2854    .text               c_w.l(_printf_charcount.o)
    0x0801a348   0x0000041a   Code   RO         2856    .text               c_w.l(_printf_fp_dec.o)
    0x0801a762   0x00000002   PAD
    0x0801a764   0x00000030   Code   RO         2858    .text               c_w.l(_printf_char_common.o)
    0x0801a794   0x0000000a   Code   RO         2860    .text               c_w.l(_sputc.o)
    0x0801a79e   0x0000002c   Code   RO         2862    .text               c_w.l(_printf_char.o)
    0x0801a7ca   0x00000002   PAD
    0x0801a7cc   0x00000024   Code   RO         2864    .text               c_w.l(_printf_char_file.o)
    0x0801a7f0   0x000000bc   Code   RO         2866    .text               c_w.l(_printf_wctomb.o)
    0x0801a8ac   0x0000007c   Code   RO         2869    .text               c_w.l(_printf_longlong_dec.o)
    0x0801a928   0x00000070   Code   RO         2875    .text               c_w.l(_printf_oct_int_ll.o)
    0x0801a998   0x00000008   Code   RO         2956    .text               c_w.l(libspace.o)
    0x0801a9a0   0x00000008   Code   RO         2977    .text               c_w.l(rt_errno_addr_intlibspace.o)
    0x0801a9a8   0x0000008a   Code   RO         2979    .text               c_w.l(lludiv10.o)
    0x0801aa32   0x00000002   PAD
    0x0801aa34   0x000002fc   Code   RO         2981    .text               c_w.l(_printf_fp_hex.o)
    0x0801ad30   0x00000080   Code   RO         2984    .text               c_w.l(_printf_fp_infnan.o)
    0x0801adb0   0x0000002c   Code   RO         2988    .text               c_w.l(_printf_wchar.o)
    0x0801addc   0x000000dc   Code   RO         2990    .text               c_w.l(bigflt0.o)
    0x0801aeb8   0x00000008   Code   RO         3015    .text               c_w.l(ferror.o)
    0x0801aec0   0x00000040   Code   RO         3019    .text               c_w.l(_wcrtomb.o)
    0x0801af00   0x0000004a   Code   RO         3071    .text               c_w.l(sys_stackheap_outer.o)
    0x0801af4a   0x0000000c   Code   RO         3073    .text               c_w.l(exit.o)
    0x0801af56   0x0000003e   Code   RO         2993    CL$$btod_d2e        c_w.l(btod.o)
    0x0801af94   0x00000046   Code   RO         2995    CL$$btod_d2e_denorm_low  c_w.l(btod.o)
    0x0801afda   0x00000060   Code   RO         2994    CL$$btod_d2e_norm_op1  c_w.l(btod.o)
    0x0801b03a   0x00000338   Code   RO         3003    CL$$btod_div_common  c_w.l(btod.o)
    0x0801b372   0x000000c6   Code   RO         3000    CL$$btod_e2e        c_w.l(btod.o)
    0x0801b438   0x00000028   Code   RO         2997    CL$$btod_ediv       c_w.l(btod.o)
    0x0801b460   0x00000028   Code   RO         2996    CL$$btod_emul       c_w.l(btod.o)
    0x0801b488   0x00000244   Code   RO         3002    CL$$btod_mult_common  c_w.l(btod.o)
    0x0801b6cc   0x00000030   Code   RO         2935    i.__ARM_fpclassify  m_wm.l(fpclassify.o)
    0x0801b6fc   0x00000004   PAD
    0x0801b700   0x00000358   Code   RO         2744    i.__hardfp_acos     m_wm.l(acos.o)
    0x0801ba58   0x00000360   Code   RO         2758    i.__hardfp_asin     m_wm.l(asin.o)
    0x0801bdb8   0x000002d8   Code   RO         2772    i.__hardfp_atan     m_wm.l(atan.o)
    0x0801c090   0x000000c8   Code   RO         2786    i.__hardfp_cos      m_wm.l(cos.o)
    0x0801c158   0x00000014   Code   RO         2798    i.__hardfp_fabs     m_wm.l(fabs.o)
    0x0801c16c   0x00000004   PAD
    0x0801c170   0x000000c8   Code   RO         2804    i.__hardfp_sin      m_wm.l(sin.o)
    0x0801c238   0x0000007a   Code   RO         2816    i.__hardfp_sqrt     m_wm.l(sqrt.o)
    0x0801c2b2   0x00000006   PAD
    0x0801c2b8   0x00000080   Code   RO         2828    i.__hardfp_tan      m_wm.l(tan.o)
    0x0801c338   0x00000438   Code   RO         2939    i.__ieee754_rem_pio2  m_wm.l(rred.o)
    0x0801c770   0x00000170   Code   RO         2918    i.__kernel_cos      m_wm.l(cos_i.o)
    0x0801c8e0   0x000000f8   Code   RO         2937    i.__kernel_poly     m_wm.l(poly.o)
    0x0801c9d8   0x00000130   Code   RO         2944    i.__kernel_sin      m_wm.l(sin_i.o)
    0x0801cb08   0x00000350   Code   RO         2950    i.__kernel_tan      m_wm.l(tan_i.o)
    0x0801ce58   0x00000014   Code   RO         2922    i.__mathlib_dbl_infnan  m_wm.l(dunder.o)
    0x0801ce6c   0x00000004   PAD
    0x0801ce70   0x00000020   Code   RO         2924    i.__mathlib_dbl_invalid  m_wm.l(dunder.o)
    0x0801ce90   0x00000020   Code   RO         2927    i.__mathlib_dbl_underflow  m_wm.l(dunder.o)
    0x0801ceb0   0x0000000e   Code   RO         2673    i._is_digit         c_w.l(__printf_wp.o)
    0x0801cebe   0x00000018   Code   RO         2800    i.fabs              m_wm.l(fabs.o)
    0x0801ced6   0x0000006e   Code   RO         2818    i.sqrt              m_wm.l(sqrt.o)
    0x0801cf44   0x0000002c   Code   RO         2895    locale$$code        c_w.l(lc_ctype_c.o)
    0x0801cf70   0x0000002c   Code   RO         3022    locale$$code        c_w.l(lc_numeric_c.o)
    0x0801cf9c   0x00000018   Code   RO         2897    x$fpl$basic         fz_wm.l(basic.o)
    0x0801cfb4   0x00000062   Code   RO         2712    x$fpl$d2f           fz_wm.l(d2f.o)
    0x0801d016   0x00000002   PAD
    0x0801d018   0x00000150   Code   RO         2714    x$fpl$dadd          fz_wm.l(daddsub_clz.o)
    0x0801d168   0x00000018   Code   RO         2899    x$fpl$dcmpinf       fz_wm.l(dcmpi.o)
    0x0801d180   0x000002b0   Code   RO         2721    x$fpl$ddiv          fz_wm.l(ddiv.o)
    0x0801d430   0x0000005e   Code   RO         2724    x$fpl$dfix          fz_wm.l(dfix.o)
    0x0801d48e   0x0000002e   Code   RO         2729    x$fpl$dflt          fz_wm.l(dflt_clz.o)
    0x0801d4bc   0x00000026   Code   RO         2728    x$fpl$dfltu         fz_wm.l(dflt_clz.o)
    0x0801d4e2   0x00000002   PAD
    0x0801d4e4   0x00000078   Code   RO         2734    x$fpl$dleqf         fz_wm.l(dleqf.o)
    0x0801d55c   0x00000154   Code   RO         2736    x$fpl$dmul          fz_wm.l(dmul.o)
    0x0801d6b0   0x0000009c   Code   RO         2901    x$fpl$dnaninf       fz_wm.l(dnaninf.o)
    0x0801d74c   0x0000000c   Code   RO         2903    x$fpl$dretinf       fz_wm.l(dretinf.o)
    0x0801d758   0x0000006c   Code   RO         2738    x$fpl$drleqf        fz_wm.l(drleqf.o)
    0x0801d7c4   0x00000016   Code   RO         2715    x$fpl$drsb          fz_wm.l(daddsub_clz.o)
    0x0801d7da   0x00000002   PAD
    0x0801d7dc   0x00000198   Code   RO         2905    x$fpl$dsqrt         fz_wm.l(dsqrt_umaal.o)
    0x0801d974   0x000001d4   Code   RO         2716    x$fpl$dsub          fz_wm.l(daddsub_clz.o)
    0x0801db48   0x00000056   Code   RO         2740    x$fpl$f2d           fz_wm.l(f2d.o)
    0x0801db9e   0x0000008c   Code   RO         2907    x$fpl$fnaninf       fz_wm.l(fnaninf.o)
    0x0801dc2a   0x0000000a   Code   RO         3083    x$fpl$fpinit        fz_wm.l(fpinit.o)
    0x0801dc34   0x0000000a   Code   RO         2909    x$fpl$fretinf       fz_wm.l(fretinf.o)
    0x0801dc3e   0x00000004   Code   RO         2742    x$fpl$printf1       fz_wm.l(printf1.o)
    0x0801dc42   0x00000004   Code   RO         2911    x$fpl$printf2       fz_wm.l(printf2.o)
    0x0801dc46   0x00000000   Code   RO         2917    x$fpl$usenofp       fz_wm.l(usenofp.o)
    0x0801dc46   0x00000002   PAD
    0x0801dc48   0x0000001c   Data   RO          722    .constdata          stm32f4xx_fsmc.o
    0x0801dc64   0x0000000c   Data   RO         1201    .constdata          etharp.o
    0x0801dc70   0x00000008   Data   RO         1413    .constdata          ip_addr.o
    0x0801dc78   0x00000038   Data   RO         1555    .constdata          memp.o
    0x0801dcb0   0x00000050   Data   RO         1681    .constdata          tcp.o
    0x0801dd00   0x00000004   Data   RO         1836    .constdata          sys_arch.o
    0x0801dd04   0x00000040   Data   RO         2003    .constdata          sockets.o
    0x0801dd44   0x00000100   Data   RO         2058    .constdata          os_core.o
    0x0801de44   0x00000024   Data   RO         2303    .constdata          malloc.o
    0x0801de68   0x00000028   Data   RO         2661    .constdata          c_w.l(_printf_hex_int_ll_ptr.o)
    0x0801de90   0x00000011   Data   RO         2681    .constdata          c_w.l(__printf_flags_ss_wp.o)
    0x0801dea1   0x00000007   PAD
    0x0801dea8   0x00000050   Data   RO         2747    .constdata          m_wm.l(acos.o)
    0x0801def8   0x00000050   Data   RO         2761    .constdata          m_wm.l(asin.o)
    0x0801df48   0x00000098   Data   RO         2775    .constdata          m_wm.l(atan.o)
    0x0801dfe0   0x00000008   Data   RO         2867    .constdata          c_w.l(_printf_wctomb.o)
    0x0801dfe8   0x00000030   Data   RO         2919    .constdata          m_wm.l(cos_i.o)
    0x0801e018   0x000000c8   Data   RO         2941    .constdata          m_wm.l(rred.o)
    0x0801e0e0   0x00000028   Data   RO         2945    .constdata          m_wm.l(sin_i.o)
    0x0801e108   0x00000060   Data   RO         2951    .constdata          m_wm.l(tan_i.o)
    0x0801e168   0x00000026   Data   RO         2982    .constdata          c_w.l(_printf_fp_hex.o)
    0x0801e18e   0x00000002   PAD
    0x0801e190   0x00000094   Data   RO         2991    .constdata          c_w.l(bigflt0.o)
    0x0801e224   0x00000028   Data   RO          944    .conststring        usmart.o
    0x0801e24c   0x00000107   Data   RO          967    .conststring        usmart_config.o
    0x0801e353   0x00000001   PAD
    0x0801e354   0x00000044   Data   RO         1202    .conststring        etharp.o
    0x0801e398   0x000000a0   Data   RO         1556    .conststring        memp.o
    0x0801e438   0x0000006d   Data   RO         1682    .conststring        tcp.o
    0x0801e4a5   0x00000003   PAD
    0x0801e4a8   0x00000055   Data   RO         1744    .conststring        tcp_out.o
    0x0801e4fd   0x00000003   PAD
    0x0801e500   0x000000b6   Data   RO         2496    .conststring        common.o
    0x0801e5b6   0x00000002   PAD
    0x0801e5b8   0x00000020   Data   RO         3155    Region$$Table       anon$$obj.o
    0x0801e5d8   0x00000110   Data   RO         2894    locale$$data        c_w.l(lc_ctype_c.o)
    0x0801e6e8   0x0000001c   Data   RO         3021    locale$$data        c_w.l(lc_numeric_c.o)


    Execution Region RW_IRAM1 (Base: 0x20000000, Size: 0x0001ff78, Max: 0x00020000, ABSOLUTE, COMPRESSED[0x000000fc])

    Base Addr    Size         Type   Attr      Idx    E Section Name        Object

    0x20000000   0x00000014   Data   RW          310    .data               system_stm32f4xx.o
    0x20000014   0x00000001   Data   RW          336    .data               key.o
    0x20000015   0x00000003   PAD
    0x20000018   0x00000010   Data   RW          402    .data               lan8720.o
    0x20000028   0x00000010   Data   RW          593    .data               stm32f4xx_rcc.o
    0x20000038   0x00000010   Data   RW          676    .data               stm32f4x7_eth.o
    0x20000048   0x00000004   Data   RW          785    .data               delay.o
    0x2000004c   0x00000006   Data   RW          826    .data               usart.o
    0x20000052   0x00000002   Data   RW          857    .data               usart3.o
    0x20000054   0x00000002   Data   RW          891    .data               usart6.o
    0x20000056   0x00000002   Data   RW          918    .data               usart2.o
    0x20000058   0x0000001c   Data   RW          945    .data               usmart.o
    0x20000074   0x00000124   Data   RW          968    .data               usmart_config.o
    0x20000198   0x00000008   Data   RW         1010    .data               lwip_comm.o
    0x200001a0   0x0000000a   Data   RW         1131    .data               tcp_server_demo.o
    0x200001aa   0x00000002   PAD
    0x200001ac   0x00000014   Data   RW         1173    .data               tcp_client_demo.o
    0x200001c0   0x00000001   Data   RW         1203    .data               etharp.o
    0x200001c1   0x00000003   PAD
    0x200001c4   0x00000012   Data   RW         1370    .data               ip.o
    0x200001d6   0x00000002   PAD
    0x200001d8   0x00000006   Data   RW         1446    .data               ip_frag.o
    0x200001de   0x00000002   PAD
    0x200001e0   0x0000003c   Data   RW         1557    .data               memp.o
    0x2000021c   0x00000009   Data   RW         1595    .data               netif.o
    0x20000225   0x00000003   PAD
    0x20000228   0x00000004   Data   RW         1645    .data               raw.o
    0x2000022c   0x00000024   Data   RW         1683    .data               tcp.o
    0x20000250   0x00000020   Data   RW         1714    .data               tcp_in.o
    0x20000270   0x00000008   Data   RW         1765    .data               timers.o
    0x20000278   0x00000008   Data   RW         1787    .data               udp.o
    0x20000280   0x00000014   Data   RW         1813    .data               mem.o
    0x20000294   0x00000008   Data   RW         2004    .data               sockets.o
    0x2000029c   0x0000000c   Data   RW         2026    .data               tcpip.o
    0x200002a8   0x00000060   Data   RW         2059    .data               os_core.o
    0x20000308   0x00000006   Data   RW         2265    .data               os_cpu_c.o
    0x2000030e   0x00000002   PAD
    0x20000310   0x00000024   Data   RW         2304    .data               malloc.o
    0x20000334   0x0000000c   Data   RW         2354    .data               driver.o
    0x20000340   0x0000000c   Data   RW         2405    .data               message.o
    0x2000034c   0x00000048   Data   RW         2497    .data               common.o
    0x20000394   0x00000002   Data   RW         2570    .data               mpu6050.o
    0x20000396   0x00000002   PAD
    0x20000398   0x00000700   Zero   RW            4    .bss                main.o
    0x20000a98   0x00000200   Zero   RW          449    .bss                can.o
    0x20000c98   0x0000000c   Zero   RW          675    .bss                stm32f4x7_eth.o
    0x20000ca4   0x000000c8   Zero   RW          825    .bss                usart.o
    0x20000d6c   0x00000004   PAD
    0x20000d70   0x00000190   Zero   RW          856    .bss                usart3.o
    0x20000f00   0x00000320   Zero   RW          890    .bss                usart6.o
    0x20001220   0x00000190   Zero   RW          917    .bss                usart2.o
    0x200013b0   0x00000048   Zero   RW         1009    .bss                lwip_comm.o
    0x200013f8   0x000005f8   Zero   RW         1130    .bss                tcp_server_demo.o
    0x200019f0   0x00000578   Zero   RW         1172    .bss                tcp_client_demo.o
    0x20001f68   0x000000c8   Zero   RW         1200    .bss                etharp.o
    0x20002030   0x00000010   Zero   RW         1412    .bss                ip_addr.o
    0x20002040   0x00000038   Zero   RW         1554    .bss                memp.o
    0x20002078   0x00000014   Zero   RW         1713    .bss                tcp_in.o
    0x2000208c   0x00000060   Zero   RW         2002    .bss                sockets.o
    0x200020ec   0x00000fe0   Zero   RW         2057    .bss                os_core.o
    0x200030cc   0x0001a900   Zero   RW         2302    .bss                malloc.o
    0x2001d9cc   0x00001b48   Zero   RW         2403    .bss                message.o
    0x2001f514   0x00000004   PAD
    0x2001f518   0x00000200   Zero   RW         2495    .bss                common.o
    0x2001f718   0x00000200   Zero   RW         2569    .bss                mpu6050.o
    0x2001f918   0x00000060   Zero   RW         2957    .bss                c_w.l(libspace.o)
    0x2001f978   0x00000200   Zero   RW          544    HEAP                startup_stm32f40_41xxx.o
    0x2001fb78   0x00000400   Zero   RW          543    STACK               startup_stm32f40_41xxx.o



  Load Region LR$$.ARM.__AT_0x10000000 (Base: 0x10000000, Size: 0x00000000, Max: 0x0000f000, ABSOLUTE)

    Execution Region ER$$.ARM.__AT_0x10000000 (Base: 0x10000000, Size: 0x0000f000, Max: 0x0000f000, ABSOLUTE, UNINIT)

    Base Addr    Size         Type   Attr      Idx    E Section Name        Object

    0x10000000   0x0000f000   Zero   RW         2298    .ARM.__AT_0x10000000  malloc.o



  Load Region LR$$.ARM.__AT_0x1000F000 (Base: 0x1000f000, Size: 0x00000000, Max: 0x00000f00, ABSOLUTE)

    Execution Region ER$$.ARM.__AT_0x1000F000 (Base: 0x1000f000, Size: 0x00000f00, Max: 0x00000f00, ABSOLUTE, UNINIT)

    Base Addr    Size         Type   Attr      Idx    E Section Name        Object

    0x1000f000   0x00000f00   Zero   RW         2299    .ARM.__AT_0x1000F000  malloc.o



  Load Region LR$$.ARM.__AT_0x68000000 (Base: 0x68000000, Size: 0x00000000, Max: 0x00032000, ABSOLUTE)

    Execution Region ER$$.ARM.__AT_0x68000000 (Base: 0x68000000, Size: 0x00032000, Max: 0x00032000, ABSOLUTE, UNINIT)

    Base Addr    Size         Type   Attr      Idx    E Section Name        Object

    0x68000000   0x00032000   Zero   RW         2300    .ARM.__AT_0x68000000  malloc.o



  Load Region LR$$.ARM.__AT_0x68032000 (Base: 0x68032000, Size: 0x00000000, Max: 0x00003200, ABSOLUTE)

    Execution Region ER$$.ARM.__AT_0x68032000 (Base: 0x68032000, Size: 0x00003200, Max: 0x00003200, ABSOLUTE, UNINIT)

    Base Addr    Size         Type   Attr      Idx    E Section Name        Object

    0x68032000   0x00003200   Zero   RW         2301    .ARM.__AT_0x68032000  malloc.o


==============================================================================

Image component sizes


      Code (inc. data)   RO Data    RW Data    ZI Data      Debug   Object Name

      3068        818          0          0          0      17477   api_lib.o
      6080       1222          0          0          0      10175   api_msg.o
       724         20          0          0        512       3739   can.o
      1548        388        182         72        512       5241   common.o
       246          0          0          0          0       2063   convertdata.o
        62          0          0          0          0       1214   def.o
       296         16          0          4          0       1765   delay.o
      1700        632          0         12          0       8155   driver.o
      3708        604         80          1        200      10459   etharp.o
       552        134          0          0          0       4694   ethernetif.o
      1060        372          0          0          0       2630   icmp.o
         0          0          0          0          0       1848   inet.o
       692        104          0          0          0       2973   inet_chksum.o
        36          0          0          0          0       4552   init.o
      1024        174          0         18          0       6835   ip.o
       812        112          8          0         16      10555   ip_addr.o
      2600        486          0          6          0       6660   ip_frag.o
       224         20          0          1          0        852   key.o
      1350        108          0          0          0       2473   kinematics.o
       912         56          0         16          0       3685   lan8720.o
       132         10          0          0          0        823   led.o
       772        236          0          8         72      28827   lwip_comm.o
       760        332          0          0       1792     348529   main.o
       564         18         36         36     391680       4783   malloc.o
      1860        568          0         20          0       4090   mem.o
       468        196        216         60         56       3088   memp.o
      1608        294          0         12       6984       5032   message.o
       224         20          0          0          0       1933   misc.o
       744         64          0          2        512       1607   mpu6050.o
       944        340          0          0          0       2977   netbuf.o
       820        126          0          9          0       6305   netif.o
      2416        248        256         96       4064      16968   os_core.o
       200         32          0          0          0        316   os_cpu_a.o
       488          8          0          6          0      12130   os_cpu_c.o
      2060         42          0          0          0       6880   os_flag.o
       484         16          0          0          0       3100   os_mem.o
      1528         34          0          0          0       5517   os_q.o
       988         64          0          0          0       3882   os_sem.o
      1988         70          0          0          0       7537   os_task.o
       432         30          0          0          0       1790   os_time.o
      1648        134          0          0          0       5497   os_tmr.o
      4256       1236          0          0          0       9233   pbuf.o
       246          0          0          0          0       2279   queue.o
       588        134          0          4          0       3329   raw.o
      7256        666         64          8         96      17466   sockets.o
       676         18          0          0          0       2209   sram.o
        64         26        392          0       1536        824   startup_stm32f40_41xxx.o
      3648         96          0         16         12      19694   stm32f4x7_eth.o
      2544         38          0          0          0       8080   stm32f4xx_can.o
      1480         18         28          0          0       5742   stm32f4xx_fsmc.o
       660         44          0          0          0       4205   stm32f4xx_gpio.o
        20          0          0          0          0        935   stm32f4xx_it.o
      1628         52          0         16          0      13008   stm32f4xx_rcc.o
       148         12          0          0          0       1889   stm32f4xx_syscfg.o
      3234         60          0          0          0      22408   stm32f4xx_tim.o
      1108         34          0          0          0       7908   stm32f4xx_usart.o
       980        166          4          0          0       6282   sys_arch.o
       528         46          0         20          0       1743   system_stm32f4xx.o
      5260       1092        189         36          0      21623   tcp.o
       556        154          0         20       1400       2347   tcp_client_demo.o
      6264        964          0         32         20      15031   tcp_in.o
      4934        954         85          0          0       9679   tcp_out.o
       548        194          0         10       1528      10151   tcp_server_demo.o
       952        194          0         12          0       9792   tcpip.o
       368         20          0          0          0       1644   timer.o
       732        178          0          8          0       3211   timers.o
      1460        204          0          8          0       6902   udp.o
       412         18          0          6        200       3713   usart.o
       472         18          0          2        400       2535   usart2.o
       512         44          0          2        400       2878   usart3.o
       372         20          0          2        800       2278   usart6.o
      3132       1290         40         28          0       4242   usmart.o
         0          0        263        292          0       1544   usmart_config.o
      1320         12          0          0          0       5141   usmart_str.o
       400        112          0          0          0       1189   wifiap.o

    ----------------------------------------------------------------------
    104592      16262       1884        920     412800     810790   Object Totals
         0          0         32          0          0          0   (incl. Generated)
        12          0          9         19          8          0   (incl. Padding)

    ----------------------------------------------------------------------

      Code (inc. data)   RO Data    RW Data    ZI Data      Debug   Library Member Name

        24          4          0          0          0         84   __2printf.o
        44          6          0          0          0         84   __2sprintf.o
        90          0          0          0          0          0   __dczerorl2.o
         8          0          0          0          0         68   __main.o
       392          4         17          0          0         92   __printf_flags_ss_wp.o
        14          0          0          0          0         68   __printf_wp.o
         0          0          0          0          0          0   __rtentry.o
        12          0          0          0          0          0   __rtentry2.o
         6          0          0          0          0          0   __rtentry4.o
        52          8          0          0          0          0   __scatter.o
        28          0          0          0          0          0   __scatter_zi.o
         6          0          0          0          0          0   _printf_a.o
         6          0          0          0          0          0   _printf_c.o
        44          0          0          0          0        108   _printf_char.o
        48          6          0          0          0         96   _printf_char_common.o
        36          4          0          0          0         80   _printf_char_file.o
        40          0          0          0          0         68   _printf_charcount.o
         6          0          0          0          0          0   _printf_d.o
       120         16          0          0          0         92   _printf_dec.o
         6          0          0          0          0          0   _printf_e.o
         6          0          0          0          0          0   _printf_f.o
      1050          0          0          0          0        216   _printf_fp_dec.o
       764         10         38          0          0        100   _printf_fp_hex.o
       128         16          0          0          0         84   _printf_fp_infnan.o
         6          0          0          0          0          0   _printf_g.o
       148          4         40          0          0        160   _printf_hex_int_ll_ptr.o
         6          0          0          0          0          0   _printf_i.o
       178          0          0          0          0         88   _printf_intcommon.o
        10          0          0          0          0          0   _printf_l.o
         6          0          0          0          0          0   _printf_lc.o
        10          0          0          0          0          0   _printf_ll.o
         6          0          0          0          0          0   _printf_lld.o
         6          0          0          0          0          0   _printf_lli.o
         6          0          0          0          0          0   _printf_llo.o
         6          0          0          0          0          0   _printf_llu.o
         6          0          0          0          0          0   _printf_llx.o
       124         16          0          0          0         92   _printf_longlong_dec.o
         6          0          0          0          0          0   _printf_ls.o
         6          0          0          0          0          0   _printf_n.o
         6          0          0          0          0          0   _printf_o.o
       112          8          0          0          0        124   _printf_oct_int_ll.o
         6          0          0          0          0          0   _printf_p.o
        78          0          0          0          0        108   _printf_pad.o
         0          0          0          0          0          0   _printf_percent.o
         4          0          0          0          0          0   _printf_percent_end.o
         6          0          0          0          0          0   _printf_s.o
        82          0          0          0          0         80   _printf_str.o
        36          0          0          0          0         84   _printf_truncate.o
         6          0          0          0          0          0   _printf_u.o
        44          0          0          0          0        108   _printf_wchar.o
       188          6          8          0          0         92   _printf_wctomb.o
         6          0          0          0          0          0   _printf_x.o
        22          0          0          0          0        100   _rserrno.o
        10          0          0          0          0         68   _sputc.o
        64          0          0          0          0         92   _wcrtomb.o
       220          4        148          0          0         96   bigflt0.o
      1910        128          0          0          0        672   btod.o
        12          0          0          0          0         72   exit.o
         8          0          0          0          0         68   ferror.o
         6          0          0          0          0        152   heapauxi.o
        44         10        272          0          0         76   lc_ctype_c.o
        44         10         28          0          0         76   lc_numeric_c.o
         2          0          0          0          0          0   libinit.o
        34          0          0          0          0          0   libinit2.o
         2          0          0          0          0          0   libshutdown.o
         2          0          0          0          0          0   libshutdown2.o
         8          4          0          0         96         68   libspace.o
       138          0          0          0          0         80   lludiv10.o
        88          0          0          0          0         76   memcmp.o
        16          4          0          0          0         76   rt_ctype_table.o
         8          4          0          0          0         68   rt_errno_addr_intlibspace.o
         8          4          0          0          0         68   rt_locale_intlibspace.o
        68          0          0          0          0         68   rt_memclr.o
        78          0          0          0          0         80   rt_memclr_w.o
       138          0          0          0          0         68   rt_memcpy_v6.o
       100          0          0          0          0         80   rt_memcpy_w.o
         2          0          0          0          0          0   rtexit.o
        10          0          0          0          0          0   rtexit2.o
        20          0          0          0          0         68   strchr.o
       128          0          0          0          0         68   strcmpv7m.o
        62          0          0          0          0         76   strlen.o
        36          0          0          0          0         80   strstr.o
        74          0          0          0          0         80   sys_stackheap_outer.o
         2          0          0          0          0         68   use_no_semi.o
         2          0          0          0          0         68   use_no_semi_2.o
        36          4          0          0          0         76   vsprintf.o
        24          0          0          0          0        164   basic.o
        98          4          0          0          0        140   d2f.o
       826         16          0          0          0        492   daddsub_clz.o
        24          0          0          0          0        116   dcmpi.o
       688        140          0          0          0        256   ddiv.o
        94          4          0          0          0        140   dfix.o
        84          0          0          0          0        232   dflt_clz.o
       120          4          0          0          0        140   dleqf.o
       340         12          0          0          0        152   dmul.o
       156          4          0          0          0        140   dnaninf.o
        12          0          0          0          0        116   dretinf.o
       108          0          0          0          0        128   drleqf.o
       408         56          0          0          0        168   dsqrt_umaal.o
        86          4          0          0          0        132   f2d.o
       140          4          0          0          0        132   fnaninf.o
        10          0          0          0          0        116   fpinit.o
        10          0          0          0          0        116   fretinf.o
         4          0          0          0          0        116   printf1.o
         4          0          0          0          0        116   printf2.o
         0          0          0          0          0          0   usenofp.o
       856        118         80          0          0        288   acos.o
       864         94         80          0          0        280   asin.o
       728        106        152          0          0        228   atan.o
       200         20          0          0          0        164   cos.o
       368         46         48          0          0        200   cos_i.o
        84         16          0          0          0        372   dunder.o
        44          0          0          0          0        248   fabs.o
        48          0          0          0          0        124   fpclassify.o
       248          0          0          0          0        152   poly.o
      1080        142        200          0          0        188   rred.o
       200         20          0          0          0        164   sin.o
       304         24         40          0          0        208   sin_i.o
       232          0          0          0          0        296   sqrt.o
       128         20          0          0          0        144   tan.o
       848         84         96          0          0        196   tan_i.o

    ----------------------------------------------------------------------
     16944       1218       1256          0         96      11328   Library Totals
        40          0          9          0          0          0   (incl. Padding)

    ----------------------------------------------------------------------

      Code (inc. data)   RO Data    RW Data    ZI Data      Debug   Library Name

      7436        280        551          0         96       4964   c_w.l
      3236        248          0          0          0       3112   fz_wm.l
      6232        690        696          0          0       3252   m_wm.l

    ----------------------------------------------------------------------
     16944       1218       1256          0         96      11328   Library Totals

    ----------------------------------------------------------------------

==============================================================================


      Code (inc. data)   RO Data    RW Data    ZI Data      Debug   

    121536      17480       3140        920     412896     801010   Grand Totals
    121536      17480       3140        252     412896     801010   ELF Image Totals (compressed)
    121536      17480       3140        252          0          0   ROM Totals

==============================================================================

    Total RO  Size (Code + RO Data)               124676 ( 121.75kB)
    Total RW  Size (RW Data + ZI Data)            413816 ( 404.12kB)
    Total ROM Size (Code + RO Data + RW Data)     124928 ( 122.00kB)

==============================================================================

