<html>
<body>
<pre>
<h1>µVision Build Log</h1>
<h2>Tool Versions:</h2>
IDE-Version: ¦ÌVision V5.14.0.0
Copyright (C) 2015 ARM Ltd and ARM Germany GmbH. All rights reserved.
License Information: li Lee, cloudminds, LIC=V8563-A7KXP-QGY7I-TFH4V-TK5DI-5UB50
 
Tool Versions:
Toolchain:       MDK-ARM Professional  Version: 5.14.0.0
Toolchain Path:  d:\Keil_v5\ARM\ARMCC\Bin
C Compiler:      Armcc.exe V5.05 update 1 (build 106)
Assembler:       Armasm.exe V5.05 update 1 (build 106)
Linker/Locator:  ArmLink.exe V5.05 update 1 (build 106)
Library Manager: ArmAr.exe V5.05 update 1 (build 106)
Hex Converter:   FromElf.exe V5.05 update 1 (build 106)
CPU DLL:         SARMCM3.DLL V5.14.0.0
Dialog DLL:      DCM.DLL V1.13.1.0
Target DLL:      Segger\JL2CM3.dll V2.99.13.0
Dialog DLL:      TCM.DLL V1.14.4.0
 
<h2>Project:</h2>
E:\Stm32Project\9 NETCONN_TCP\USER\Template.uvprojx
Project File Date:  05/25/2018

<h2>Output:</h2>
Build target 'Template'
compiling wifiap.c...
..\ATK-WIFI\wifiap.c(88): warning:  #111-D: statement is unreachable
        myfree(SRAMIN,p);               //ÊÍ·ÅÄÚ´æ 
..\ATK-WIFI\wifiap.c: 1 warning, 0 errors
linking...
Program Size: Code=121536 RO-data=3140 RW-data=920 ZI-data=412896  
FromELF: creating hex file...
"..\OBJ\Template.axf" - 0 Error(s), 1 Warning(s).

<h2>Collection of Component include folders:</h2>
  E:\Stm32Project\9 NETCONN_TCP\USER\RTE
  d:\Keil_v5\ARM\PACK\Keil\STM32F4xx_DFP\2.11.0

<h2>Collection of Component Files used:</h2>
</pre>
</body>
</html>
